V3 3
FL D:/Mitja/Projekti/SerijskiFilterEnoF/Programi/CPLD_logika/Logika.vhd 2016/04/05.14:00:37 O.76xd
EN work/Logika 1459857642 \
      FL D:/Mitja/Projekti/SerijskiFilterEnoF/Programi/CPLD_logika/Logika.vhd \
      PB ieee/std_logic_1164 1317710503
AR work/Logika/Behavioral 1459857643 \
      FL D:/Mitja/Projekti/SerijskiFilterEnoF/Programi/CPLD_logika/Logika.vhd \
      EN work/Logika 1459857642
